Archive member included to satisfy reference by file (symbol)

c:/program files (x86)/arm gnu toolchain arm-none-eabi/12.3 rel1/bin/../lib/gcc/arm-none-eabi/12.3.1/thumb/v6-m/nofp\libc_nano.a(libc_a-exit.o)
                              c:/program files (x86)/arm gnu toolchain arm-none-eabi/12.3 rel1/bin/../lib/gcc/arm-none-eabi/12.3.1/thumb/v6-m/nofp/crt0.o (exit)
c:/program files (x86)/arm gnu toolchain arm-none-eabi/12.3 rel1/bin/../lib/gcc/arm-none-eabi/12.3.1/thumb/v6-m/nofp\libc_nano.a(libc_a-findfp.o)
                              c:/program files (x86)/arm gnu toolchain arm-none-eabi/12.3 rel1/bin/../lib/gcc/arm-none-eabi/12.3.1/thumb/v6-m/nofp\libc_nano.a(libc_a-exit.o) (__stdio_exit_handler)
c:/program files (x86)/arm gnu toolchain arm-none-eabi/12.3 rel1/bin/../lib/gcc/arm-none-eabi/12.3.1/thumb/v6-m/nofp\libc_nano.a(libc_a-fwalk.o)
                              c:/program files (x86)/arm gnu toolchain arm-none-eabi/12.3 rel1/bin/../lib/gcc/arm-none-eabi/12.3.1/thumb/v6-m/nofp\libc_nano.a(libc_a-findfp.o) (_fwalk_sglue)
c:/program files (x86)/arm gnu toolchain arm-none-eabi/12.3 rel1/bin/../lib/gcc/arm-none-eabi/12.3.1/thumb/v6-m/nofp\libc_nano.a(libc_a-stdio.o)
                              c:/program files (x86)/arm gnu toolchain arm-none-eabi/12.3 rel1/bin/../lib/gcc/arm-none-eabi/12.3.1/thumb/v6-m/nofp\libc_nano.a(libc_a-findfp.o) (__sread)
c:/program files (x86)/arm gnu toolchain arm-none-eabi/12.3 rel1/bin/../lib/gcc/arm-none-eabi/12.3.1/thumb/v6-m/nofp\libc_nano.a(libc_a-memset.o)
                              c:/program files (x86)/arm gnu toolchain arm-none-eabi/12.3 rel1/bin/../lib/gcc/arm-none-eabi/12.3.1/thumb/v6-m/nofp/crt0.o (memset)
c:/program files (x86)/arm gnu toolchain arm-none-eabi/12.3 rel1/bin/../lib/gcc/arm-none-eabi/12.3.1/thumb/v6-m/nofp\libc_nano.a(libc_a-closer.o)
                              c:/program files (x86)/arm gnu toolchain arm-none-eabi/12.3 rel1/bin/../lib/gcc/arm-none-eabi/12.3.1/thumb/v6-m/nofp\libc_nano.a(libc_a-stdio.o) (_close_r)
c:/program files (x86)/arm gnu toolchain arm-none-eabi/12.3 rel1/bin/../lib/gcc/arm-none-eabi/12.3.1/thumb/v6-m/nofp\libc_nano.a(libc_a-reent.o)
                              c:/program files (x86)/arm gnu toolchain arm-none-eabi/12.3 rel1/bin/../lib/gcc/arm-none-eabi/12.3.1/thumb/v6-m/nofp\libc_nano.a(libc_a-closer.o) (errno)
c:/program files (x86)/arm gnu toolchain arm-none-eabi/12.3 rel1/bin/../lib/gcc/arm-none-eabi/12.3.1/thumb/v6-m/nofp\libc_nano.a(libc_a-impure.o)
                              c:/program files (x86)/arm gnu toolchain arm-none-eabi/12.3 rel1/bin/../lib/gcc/arm-none-eabi/12.3.1/thumb/v6-m/nofp\libc_nano.a(libc_a-reent.o) (_impure_ptr)
c:/program files (x86)/arm gnu toolchain arm-none-eabi/12.3 rel1/bin/../lib/gcc/arm-none-eabi/12.3.1/thumb/v6-m/nofp\libc_nano.a(libc_a-lseekr.o)
                              c:/program files (x86)/arm gnu toolchain arm-none-eabi/12.3 rel1/bin/../lib/gcc/arm-none-eabi/12.3.1/thumb/v6-m/nofp\libc_nano.a(libc_a-stdio.o) (_lseek_r)
c:/program files (x86)/arm gnu toolchain arm-none-eabi/12.3 rel1/bin/../lib/gcc/arm-none-eabi/12.3.1/thumb/v6-m/nofp\libc_nano.a(libc_a-readr.o)
                              c:/program files (x86)/arm gnu toolchain arm-none-eabi/12.3 rel1/bin/../lib/gcc/arm-none-eabi/12.3.1/thumb/v6-m/nofp\libc_nano.a(libc_a-stdio.o) (_read_r)
c:/program files (x86)/arm gnu toolchain arm-none-eabi/12.3 rel1/bin/../lib/gcc/arm-none-eabi/12.3.1/thumb/v6-m/nofp\libc_nano.a(libc_a-writer.o)
                              c:/program files (x86)/arm gnu toolchain arm-none-eabi/12.3 rel1/bin/../lib/gcc/arm-none-eabi/12.3.1/thumb/v6-m/nofp\libc_nano.a(libc_a-stdio.o) (_write_r)
c:/program files (x86)/arm gnu toolchain arm-none-eabi/12.3 rel1/bin/../lib/gcc/arm-none-eabi/12.3.1/thumb/v6-m/nofp\libc_nano.a(libc_a-init.o)
                              c:/program files (x86)/arm gnu toolchain arm-none-eabi/12.3 rel1/bin/../lib/gcc/arm-none-eabi/12.3.1/thumb/v6-m/nofp/crt0.o (__libc_init_array)
c:/program files (x86)/arm gnu toolchain arm-none-eabi/12.3 rel1/bin/../lib/gcc/arm-none-eabi/12.3.1/thumb/v6-m/nofp\libc_nano.a(libc_a-lock.o)
                              c:/program files (x86)/arm gnu toolchain arm-none-eabi/12.3 rel1/bin/../lib/gcc/arm-none-eabi/12.3.1/thumb/v6-m/nofp\libc_nano.a(libc_a-findfp.o) (__retarget_lock_init_recursive)
c:/program files (x86)/arm gnu toolchain arm-none-eabi/12.3 rel1/bin/../lib/gcc/arm-none-eabi/12.3.1/thumb/v6-m/nofp\libc_nano.a(libc_a-freer.o)
                              c:/program files (x86)/arm gnu toolchain arm-none-eabi/12.3 rel1/bin/../lib/gcc/arm-none-eabi/12.3.1/thumb/v6-m/nofp\libc_nano.a(libc_a-reent.o) (_free_r)
c:/program files (x86)/arm gnu toolchain arm-none-eabi/12.3 rel1/bin/../lib/gcc/arm-none-eabi/12.3.1/thumb/v6-m/nofp\libc_nano.a(libc_a-mallocr.o)
[...]
Memory Configuration

Name             Origin             Length             Attributes
RAM              0x20000000         0x00001000         xrw
FLASH            0x08000000         0x00004000         xr
*default*        0x00000000         0xffffffff

Linker script and memory map

LOAD c:/program files (x86)/arm gnu toolchain arm-none-eabi/12.3 rel1/bin/../lib/gcc/arm-none-eabi/12.3.1/thumb/v6-m/nofp/crti.o
LOAD c:/program files (x86)/arm gnu toolchain arm-none-eabi/12.3 rel1/bin/../lib/gcc/arm-none-eabi/12.3.1/thumb/v6-m/nofp/crtbegin.o
LOAD c:/program files (x86)/arm gnu toolchain arm-none-eabi/12.3 rel1/bin/../lib/gcc/arm-none-eabi/12.3.1/thumb/v6-m/nofp/crt0.o
LOAD build/main.o
LOAD build/stm32f0xx_it.o
LOAD build/stm32f0xx_hal_msp.o
LOAD build/stm32f0xx_hal_tim.o
LOAD build/stm32f0xx_hal_tim_ex.o
LOAD build/stm32f0xx_hal_rcc.o
LOAD build/stm32f0xx_hal_rcc_ex.o
LOAD build/stm32f0xx_hal.o
LOAD build/stm32f0xx_hal_i2c.o
LOAD build/stm32f0xx_hal_i2c_ex.o
LOAD build/stm32f0xx_hal_gpio.o
LOAD build/stm32f0xx_hal_dma.o
LOAD build/stm32f0xx_hal_cortex.o
LOAD build/stm32f0xx_hal_pwr.o
LOAD build/stm32f0xx_hal_pwr_ex.o
LOAD build/stm32f0xx_hal_flash.o
LOAD build/stm32f0xx_hal_flash_ex.o
LOAD build/stm32f0xx_hal_exti.o
LOAD build/system_stm32f0xx.o
LOAD build/startup_stm32f030x6.o
LOAD c:/program files (x86)/arm gnu toolchain arm-none-eabi/12.3 rel1/bin/../lib/gcc/arm-none-eabi/12.3.1/thumb/v6-m/nofp\libc_nano.a
LOAD c:/program files (x86)/arm gnu toolchain arm-none-eabi/12.3 rel1/bin/../lib/gcc/arm-none-eabi/12.3.1/thumb/v6-m/nofp\libm.a
LOAD c:/program files (x86)/arm gnu toolchain arm-none-eabi/12.3 rel1/bin/../lib/gcc/arm-none-eabi/12.3.1/thumb/v6-m/nofp\libnosys.a
START GROUP
LOAD c:/program files (x86)/arm gnu toolchain arm-none-eabi/12.3 rel1/bin/../lib/gcc/arm-none-eabi/12.3.1/thumb/v6-m/nofp\libgcc.a
LOAD c:/program files (x86)/arm gnu toolchain arm-none-eabi/12.3 rel1/bin/../lib/gcc/arm-none-eabi/12.3.1/thumb/v6-m/nofp\libc_nano.a
END GROUP
START GROUP
LOAD c:/program files (x86)/arm gnu toolchain arm-none-eabi/12.3 rel1/bin/../lib/gcc/arm-none-eabi/12.3.1/thumb/v6-m/nofp\libgcc.a
LOAD c:/program files (x86)/arm gnu toolchain arm-none-eabi/12.3 rel1/bin/../lib/gcc/arm-none-eabi/12.3.1/thumb/v6-m/nofp\libc_nano.a
END GROUP
LOAD c:/program files (x86)/arm gnu toolchain arm-none-eabi/12.3 rel1/bin/../lib/gcc/arm-none-eabi/12.3.1/thumb/v6-m/nofp/crtend.o
LOAD c:/program files (x86)/arm gnu toolchain arm-none-eabi/12.3 rel1/bin/../lib/gcc/arm-none-eabi/12.3.1/thumb/v6-m/nofp/crtn.o
                0x20001000                        _estack = (ORIGIN (RAM) + LENGTH (RAM))
                0x00000200                        _Min_Heap_Size = 0x200
                0x00000400                        _Min_Stack_Size = 0x400

.isr_vector     0x08000000       0xc0
                0x08000000                        . = ALIGN (0x4)
 *(.isr_vector)
 .isr_vector    0x08000000       0xc0 build/startup_stm32f030x6.o
                0x08000000                g_pfnVectors
                0x080000c0                        . = ALIGN (0x4)

.text           0x080000c0      0xad0
                0x080000c0                        . = ALIGN (0x4)
 *(.text)
 .text          0x080000c0      0x114 c:/program files (x86)/arm gnu toolchain arm-none-eabi/12.3 rel1/bin/../lib/gcc/arm-none-eabi/12.3.1/thumb/v6-m/nofp\libgcc.a(_udivsi3.o)
                0x080000c0                __aeabi_uidiv
                0x080000c0                __udivsi3
                0x080001cc                __aeabi_uidivmod
 .text          0x080001d4        0x4 c:/program files (x86)/arm gnu toolchain arm-none-eabi/12.3 rel1/bin/../lib/gcc/arm-none-eabi/12.3.1/thumb/v6-m/nofp\libgcc.a(_dvmd_tls.o)
                0x080001d4                __aeabi_idiv0
                0x080001d4                __aeabi_ldiv0
 *(.text*)
 .text.deregister_tm_clones
                0x080001d8       0x20 c:/program files (x86)/arm gnu toolchain arm-none-eabi/12.3 rel1/bin/../lib/gcc/arm-none-eabi/12.3.1/thumb/v6-m/nofp/crtbegin.o
 .text.register_tm_clones
                0x080001f8       0x28 c:/program files (x86)/arm gnu toolchain arm-none-eabi/12.3 rel1/bin/../lib/gcc/arm-none-eabi/12.3.1/thumb/v6-m/nofp/crtbegin.o
 .text.__do_global_dtors_aux
                0x08000220       0x2c c:/program files (x86)/arm gnu toolchain arm-none-eabi/12.3 rel1/bin/../lib/gcc/arm-none-eabi/12.3.1/thumb/v6-m/nofp/crtbegin.o
 .text.frame_dummy
                0x0800024c       0x24 c:/program files (x86)/arm gnu toolchain arm-none-eabi/12.3 rel1/bin/../lib/gcc/arm-none-eabi/12.3.1/thumb/v6-m/nofp/crtbegin.o
 .text.Error_Handler
                0x08000270        0x4 build/main.o
                0x08000270                Error_Handler
 .text.SystemClock_Config
                0x08000274       0x52 build/main.o
                0x08000274                SystemClock_Config
 *fill*         0x080002c6        0x2 
 .text.main     0x080002c8       0x60 build/main.o
                0x080002c8                main
 .text.NMI_Handler
                0x08000328        0x2 build/stm32f0xx_it.o
                0x08000328                NMI_Handler
 .text.HardFault_Handler
                0x0800032a        0x2 build/stm32f0xx_it.o
                0x0800032a                HardFault_Handler
 .text.SVC_Handler
                0x0800032c        0x2 build/stm32f0xx_it.o
                0x0800032c                SVC_Handler
 .text.PendSV_Handler
                0x0800032e        0x2 build/stm32f0xx_it.o
                0x0800032e                PendSV_Handler
 .text.SysTick_Handler
                0x08000330        0x8 build/stm32f0xx_it.o
                0x08000330                SysTick_Handler
 .text.HAL_MspInit
                0x08000338       0x30 build/stm32f0xx_hal_msp.o
                0x08000338                HAL_MspInit
 .text.HAL_RCC_OscConfig
                0x08000368      0x49c build/stm32f0xx_hal_rcc.o
                0x08000368                HAL_RCC_OscConfig
 .text.HAL_RCC_GetSysClockFreq
                0x08000804       0x54 build/stm32f0xx_hal_rcc.o
                0x08000804                HAL_RCC_GetSysClockFreq
 .text.HAL_RCC_ClockConfig
                0x08000858      0x134 build/stm32f0xx_hal_rcc.o
                0x08000858                HAL_RCC_ClockConfig
 .text.HAL_InitTick
                0x0800098c       0x50 build/stm32f0xx_hal.o
                0x0800098c                HAL_InitTick
 .text.HAL_Init
                0x080009dc       0x20 build/stm32f0xx_hal.o
                0x080009dc                HAL_Init
 .text.HAL_IncTick
                0x080009fc       0x18 build/stm32f0xx_hal.o
                0x080009fc                HAL_IncTick
 .text.HAL_GetTick
                0x08000a14        0xc build/stm32f0xx_hal.o
                0x08000a14                HAL_GetTick
 .text.__NVIC_SetPriority
                0x08000a20       0x60 build/stm32f0xx_hal_cortex.o
 .text.SysTick_Config
                0x08000a80       0x38 build/stm32f0xx_hal_cortex.o
 .text.HAL_NVIC_SetPriority
                0x08000ab8        0x8 build/stm32f0xx_hal_cortex.o
                0x08000ab8                HAL_NVIC_SetPriority
 .text.HAL_SYSTICK_Config
                0x08000ac0        0x8 build/stm32f0xx_hal_cortex.o
                0x08000ac0                HAL_SYSTICK_Config
 .text.SystemInit
                0x08000ac8        0x2 build/system_stm32f0xx.o
                0x08000ac8                SystemInit
 *fill*         0x08000aca        0x2 
 .text.Reset_Handler
                0x08000acc       0x50 build/startup_stm32f030x6.o
                0x08000acc                Reset_Handler
 .text.Default_Handler
                0x08000b1c        0x2 build/startup_stm32f030x6.o
                0x08000b1c                TIM1_CC_IRQHandler
                0x08000b1c                I2C1_IRQHandler
                0x08000b1c                SPI1_IRQHandler
                0x08000b1c                EXTI2_3_IRQHandler
                0x08000b1c                ADC1_IRQHandler
                0x08000b1c                TIM17_IRQHandler
                0x08000b1c                RTC_IRQHandler
                0x08000b1c                TIM16_IRQHandler
                0x08000b1c                TIM3_IRQHandler
                0x08000b1c                EXTI4_15_IRQHandler
                0x08000b1c                RCC_IRQHandler
                0x08000b1c                DMA1_Channel1_IRQHandler
                0x08000b1c                Default_Handler
                0x08000b1c                TIM14_IRQHandler
                0x08000b1c                DMA1_Channel4_5_IRQHandler
                0x08000b1c                EXTI0_1_IRQHandler
                0x08000b1c                WWDG_IRQHandler
                0x08000b1c                DMA1_Channel2_3_IRQHandler
                0x08000b1c                FLASH_IRQHandler
                0x08000b1c                USART1_IRQHandler
                0x08000b1c                TIM1_BRK_UP_TRG_COM_IRQHandler
 .text.memset   0x08000b1e       0x10 c:/program files (x86)/arm gnu toolchain arm-none-eabi/12.3 rel1/bin/../lib/gcc/arm-none-eabi/12.3.1/thumb/v6-m/nofp\libc_nano.a(libc_a-memset.o)
                0x08000b1e                memset
 *fill*         0x08000b2e        0x2 
 .text.__libc_init_array
                0x08000b30       0x48 c:/program files (x86)/arm gnu toolchain arm-none-eabi/12.3 rel1/bin/../lib/gcc/arm-none-eabi/12.3.1/thumb/v6-m/nofp\libc_nano.a(libc_a-init.o)
                0x08000b30                __libc_init_array
 *(.glue_7)
 .glue_7        0x08000b78        0x0 linker stubs
 *(.glue_7t)
 .glue_7t       0x08000b78        0x0 linker stubs
 *(.eh_frame)
 .eh_frame      0x08000b78        0x0 c:/program files (x86)/arm gnu toolchain arm-none-eabi/12.3 rel1/bin/../lib/gcc/arm-none-eabi/12.3.1/thumb/v6-m/nofp/crtbegin.o
 *(.init)
 .init          0x08000b78        0x4 c:/program files (x86)/arm gnu toolchain arm-none-eabi/12.3 rel1/bin/../lib/gcc/arm-none-eabi/12.3.1/thumb/v6-m/nofp/crti.o
                0x08000b78                _init
 .init          0x08000b7c        0x8 c:/program files (x86)/arm gnu toolchain arm-none-eabi/12.3 rel1/bin/../lib/gcc/arm-none-eabi/12.3.1/thumb/v6-m/nofp/crtn.o
 *(.fini)
 .fini          0x08000b84        0x4 c:/program files (x86)/arm gnu toolchain arm-none-eabi/12.3 rel1/bin/../lib/gcc/arm-none-eabi/12.3.1/thumb/v6-m/nofp/crti.o
                0x08000b84                _fini
 .fini          0x08000b88        0x8 c:/program files (x86)/arm gnu toolchain arm-none-eabi/12.3 rel1/bin/../lib/gcc/arm-none-eabi/12.3.1/thumb/v6-m/nofp/crtn.o
                0x08000b90                        . = ALIGN (0x4)
                0x08000b90                        _etext = .

.vfp11_veneer   0x08000b90        0x0
 .vfp11_veneer  0x08000b90        0x0 linker stubs

.v4_bx          0x08000b90        0x0
 .v4_bx         0x08000b90        0x0 linker stubs

.iplt           0x08000b90        0x0
 .iplt          0x08000b90        0x0 c:/program files (x86)/arm gnu toolchain arm-none-eabi/12.3 rel1/bin/../lib/gcc/arm-none-eabi/12.3.1/thumb/v6-m/nofp/crtbegin.o

.rodata         0x08000b90       0x30
                0x08000b90                        . = ALIGN (0x4)
 *(.rodata)
 *(.rodata*)
 .rodata.aPredivFactorTable.0
                0x08000b90       0x10 build/stm32f0xx_hal_rcc.o
 .rodata.aPLLMULFactorTable.1
                0x08000ba0       0x10 build/stm32f0xx_hal_rcc.o
 .rodata.AHBPrescTable
                0x08000bb0       0x10 build/system_stm32f0xx.o
                0x08000bb0                AHBPrescTable
                0x08000bc0                        . = ALIGN (0x4)

.rel.dyn        0x08000bc0        0x0
 .rel.iplt      0x08000bc0        0x0 c:/program files (x86)/arm gnu toolchain arm-none-eabi/12.3 rel1/bin/../lib/gcc/arm-none-eabi/12.3.1/thumb/v6-m/nofp/crtbegin.o

.ARM.extab
 *(.ARM.extab* .gnu.linkonce.armextab.*)

.ARM            0x08000bc0        0x0
                0x08000bc0                        __exidx_start = .
 *(.ARM.exidx*)
                0x08000bc0                        __exidx_end = .

.preinit_array  0x08000bc0        0x0
                0x08000bc0                        PROVIDE (__preinit_array_start = .)
 *(.preinit_array*)
                0x08000bc0                        PROVIDE (__preinit_array_end = .)

.init_array     0x08000bc0        0x4
                0x08000bc0                        PROVIDE (__init_array_start = .)
 *(SORT_BY_NAME(.init_array.*))
 *(.init_array*)
 .init_array    0x08000bc0        0x4 c:/program files (x86)/arm gnu toolchain arm-none-eabi/12.3 rel1/bin/../lib/gcc/arm-none-eabi/12.3.1/thumb/v6-m/nofp/crtbegin.o
                0x08000bc4                        PROVIDE (__init_array_end = .)

.fini_array     0x08000bc4        0x4
                [!provide]                        PROVIDE (__fini_array_start = .)
 *(SORT_BY_NAME(.fini_array.*))
 *(.fini_array*)
 .fini_array    0x08000bc4        0x4 c:/program files (x86)/arm gnu toolchain arm-none-eabi/12.3 rel1/bin/../lib/gcc/arm-none-eabi/12.3.1/thumb/v6-m/nofp/crtbegin.o
                [!provide]                        PROVIDE (__fini_array_end = .)
                0x08000bc8                        _sidata = LOADADDR (.data)

.data           0x20000000        0xc load address 0x08000bc8
                0x20000000                        . = ALIGN (0x4)
                0x20000000                        _sdata = .
 *(.data)
 *(.data*)
 .data.uwTickFreq
                0x20000000        0x1 build/stm32f0xx_hal.o
                0x20000000                uwTickFreq
 *fill*         0x20000001        0x3 
 .data.uwTickPrio
                0x20000004        0x4 build/stm32f0xx_hal.o
                0x20000004                uwTickPrio
 .data.SystemCoreClock
                0x20000008        0x4 build/system_stm32f0xx.o
                0x20000008                SystemCoreClock
                0x2000000c                        . = ALIGN (0x4)
                0x2000000c                        _edata = .

.tm_clone_table
                0x2000000c        0x0 load address 0x08000bd4
 .tm_clone_table
                0x2000000c        0x0 c:/program files (x86)/arm gnu toolchain arm-none-eabi/12.3 rel1/bin/../lib/gcc/arm-none-eabi/12.3.1/thumb/v6-m/nofp/crtbegin.o
 .tm_clone_table
                0x2000000c        0x0 c:/program files (x86)/arm gnu toolchain arm-none-eabi/12.3 rel1/bin/../lib/gcc/arm-none-eabi/12.3.1/thumb/v6-m/nofp/crtend.o

.igot.plt       0x2000000c        0x0 load address 0x08000bd4
 .igot.plt      0x2000000c        0x0 c:/program files (x86)/arm gnu toolchain arm-none-eabi/12.3 rel1/bin/../lib/gcc/arm-none-eabi/12.3.1/thumb/v6-m/nofp/crtbegin.o
                0x2000000c                        . = ALIGN (0x4)

.bss            0x2000000c       0x20 load address 0x08000bd4
                0x2000000c                        _sbss = .
                0x2000000c                        __bss_start__ = _sbss
 *(.bss)
 *(.bss*)
 .bss.completed.1
                0x2000000c        0x1 c:/program files (x86)/arm gnu toolchain arm-none-eabi/12.3 rel1/bin/../lib/gcc/arm-none-eabi/12.3.1/thumb/v6-m/nofp/crtbegin.o
 *fill*         0x2000000d        0x3 
 .bss.object.0  0x20000010       0x18 c:/program files (x86)/arm gnu toolchain arm-none-eabi/12.3 rel1/bin/../lib/gcc/arm-none-eabi/12.3.1/thumb/v6-m/nofp/crtbegin.o
 .bss.uwTick    0x20000028        0x4 build/stm32f0xx_hal.o
                0x20000028                uwTick
 *(COMMON)
                0x2000002c                        . = ALIGN (0x4)
                0x2000002c                        _ebss = .
                0x2000002c                        __bss_end__ = _ebss

._user_heap_stack
                0x2000002c      0x604 load address 0x08000bd4
                0x20000030                        . = ALIGN (0x8)
 *fill*         0x2000002c        0x4 
                0x20000030                        PROVIDE (end = .)
                [!provide]                        PROVIDE (_end = .)
                0x20000230                        . = (. + _Min_Heap_Size)
 *fill*         0x20000030      0x200 
                0x20000630                        . = (. + _Min_Stack_Size)
 *fill*         0x20000230      0x400 
                0x20000630                        . = ALIGN (0x8)

/DISCARD/
 libc.a(*)
 libm.a(*)
 libgcc.a(*)

.ARM.attributes
                0x00000000       0x28
 *(.ARM.attributes)
 .ARM.attributes
                0x00000000       0x1e c:/program files (x86)/arm gnu toolchain arm-none-eabi/12.3 rel1/bin/../lib/gcc/arm-none-eabi/12.3.1/thumb/v6-m/nofp/crti.o
 .ARM.attributes
                0x0000001e       0x2c c:/program files (x86)/arm gnu toolchain arm-none-eabi/12.3 rel1/bin/../lib/gcc/arm-none-eabi/12.3.1/thumb/v6-m/nofp/crtbegin.o
 .ARM.attributes
                0x0000004a       0x2c build/main.o
 .ARM.attributes
                0x00000076       0x2c build/stm32f0xx_it.o
 .ARM.attributes
                0x000000a2       0x2c build/stm32f0xx_hal_msp.o
 .ARM.attributes
                0x000000ce       0x2c build/stm32f0xx_hal_rcc.o
 .ARM.attributes
                0x000000fa       0x2c build/stm32f0xx_hal.o
 .ARM.attributes
                0x00000126       0x2c build/stm32f0xx_hal_cortex.o
 .ARM.attributes
                0x00000152       0x2c build/system_stm32f0xx.o
 .ARM.attributes
                0x0000017e       0x21 build/startup_stm32f030x6.o
 .ARM.attributes
                0x0000019f       0x2c c:/program files (x86)/arm gnu toolchain arm-none-eabi/12.3 rel1/bin/../lib/gcc/arm-none-eabi/12.3.1/thumb/v6-m/nofp\libc_nano.a(libc_a-memset.o)
 .ARM.attributes
                0x000001cb       0x2c c:/program files (x86)/arm gnu toolchain arm-none-eabi/12.3 rel1/bin/../lib/gcc/arm-none-eabi/12.3.1/thumb/v6-m/nofp\libc_nano.a(libc_a-init.o)
 .ARM.attributes
                0x000001f7       0x1e c:/program files (x86)/arm gnu toolchain arm-none-eabi/12.3 rel1/bin/../lib/gcc/arm-none-eabi/12.3.1/thumb/v6-m/nofp\libgcc.a(_udivsi3.o)
 .ARM.attributes
                0x00000215       0x1e c:/program files (x86)/arm gnu toolchain arm-none-eabi/12.3 rel1/bin/../lib/gcc/arm-none-eabi/12.3.1/thumb/v6-m/nofp\libgcc.a(_dvmd_tls.o)
 .ARM.attributes
                0x00000233       0x2c c:/program files (x86)/arm gnu toolchain arm-none-eabi/12.3 rel1/bin/../lib/gcc/arm-none-eabi/12.3.1/thumb/v6-m/nofp/crtend.o
 .ARM.attributes
                0x0000025f       0x1e c:/program files (x86)/arm gnu toolchain arm-none-eabi/12.3 rel1/bin/../lib/gcc/arm-none-eabi/12.3.1/thumb/v6-m/nofp/crtn.o
OUTPUT(build/Blinky.elf elf32-littlearm)
LOAD linker stubs
LOAD c:/program files (x86)/arm gnu toolchain arm-none-eabi/12.3 rel1/bin/../lib/gcc/arm-none-eabi/12.3.1/thumb/v6-m/nofp\libc.a
LOAD c:/program files (x86)/arm gnu toolchain arm-none-eabi/12.3 rel1/bin/../lib/gcc/arm-none-eabi/12.3.1/thumb/v6-m/nofp\libm.a
LOAD c:/program files (x86)/arm gnu toolchain arm-none-eabi/12.3 rel1/bin/../lib/gcc/arm-none-eabi/12.3.1/thumb/v6-m/nofp\libgcc.a

.debug_info     0x00000000     0x26e5
 .debug_info    0x00000000      0x552 build/main.o
 .debug_info    0x00000552      0x100 build/stm32f0xx_it.o
 .debug_info    0x00000652      0x1d9 build/stm32f0xx_hal_msp.o
 .debug_info    0x0000082b      0xb4c build/stm32f0xx_hal_rcc.o
 .debug_info    0x00001377      0x7f2 build/stm32f0xx_hal.o
 .debug_info    0x00001b69      0x890 build/stm32f0xx_hal_cortex.o
 .debug_info    0x000023f9      0x2bc build/system_stm32f0xx.o
 .debug_info    0x000026b5       0x30 build/startup_stm32f030x6.o

.debug_abbrev   0x00000000      0xc92
 .debug_abbrev  0x00000000      0x1f0 build/main.o
 .debug_abbrev  0x000001f0       0x80 build/stm32f0xx_it.o
 .debug_abbrev  0x00000270       0xc1 build/stm32f0xx_hal_msp.o
 .debug_abbrev  0x00000331      0x2b4 build/stm32f0xx_hal_rcc.o
 .debug_abbrev  0x000005e5      0x268 build/stm32f0xx_hal.o
 .debug_abbrev  0x0000084d      0x2f4 build/stm32f0xx_hal_cortex.o
 .debug_abbrev  0x00000b41      0x134 build/system_stm32f0xx.o
 .debug_abbrev  0x00000c75       0x1d build/startup_stm32f030x6.o

.debug_loc      0x00000000      0xe95
 .debug_loc     0x00000000       0x4d build/main.o
 .debug_loc     0x0000004d       0x20 build/stm32f0xx_it.o
 .debug_loc     0x0000006d       0x20 build/stm32f0xx_hal_msp.o
 .debug_loc     0x0000008d      0x739 build/stm32f0xx_hal_rcc.o
 .debug_loc     0x000007c6      0x1e1 build/stm32f0xx_hal.o
 .debug_loc     0x000009a7      0x37a build/stm32f0xx_hal_cortex.o
 .debug_loc     0x00000d21      0x174 build/system_stm32f0xx.o

.debug_aranges  0x00000000      0x2c8
 .debug_aranges
                0x00000000       0x30 build/main.o
 .debug_aranges
                0x00000030       0x40 build/stm32f0xx_it.o
 .debug_aranges
                0x00000070       0x20 build/stm32f0xx_hal_msp.o
 .debug_aranges
                0x00000090       0x80 build/stm32f0xx_hal_rcc.o
 .debug_aranges
                0x00000110       0xd0 build/stm32f0xx_hal.o
 .debug_aranges
                0x000001e0       0x98 build/stm32f0xx_hal_cortex.o
 .debug_aranges
                0x00000278       0x28 build/system_stm32f0xx.o
 .debug_aranges
                0x000002a0       0x28 build/startup_stm32f030x6.o

.debug_ranges   0x00000000      0x280
 .debug_ranges  0x00000000       0x20 build/main.o
 .debug_ranges  0x00000020       0x30 build/stm32f0xx_it.o
 .debug_ranges  0x00000050       0x10 build/stm32f0xx_hal_msp.o
 .debug_ranges  0x00000060       0x88 build/stm32f0xx_hal_rcc.o
 .debug_ranges  0x000000e8       0xc0 build/stm32f0xx_hal.o
 .debug_ranges  0x000001a8       0xa0 build/stm32f0xx_hal_cortex.o
 .debug_ranges  0x00000248       0x18 build/system_stm32f0xx.o
 .debug_ranges  0x00000260       0x20 build/startup_stm32f030x6.o

.debug_line     0x00000000     0x1e18
 .debug_line    0x00000000      0x31f build/main.o
 .debug_line    0x0000031f       0xf5 build/stm32f0xx_it.o
 .debug_line    0x00000414      0x177 build/stm32f0xx_hal_msp.o
 .debug_line    0x0000058b      0xb98 build/stm32f0xx_hal_rcc.o
 .debug_line    0x00001123      0x510 build/stm32f0xx_hal.o
 .debug_line    0x00001633      0x541 build/stm32f0xx_hal_cortex.o
 .debug_line    0x00001b74      0x22d build/system_stm32f0xx.o
 .debug_line    0x00001da1       0x77 build/startup_stm32f030x6.o

.debug_str      0x00000000      0xd9e
 .debug_str     0x00000000      0x36d build/main.o
                                0x3b1 (size before relaxing)
 .debug_str     0x0000036d       0x6d build/stm32f0xx_it.o
                                0x1a8 (size before relaxing)
 .debug_str     0x000003da       0x30 build/stm32f0xx_hal_msp.o
                                0x1d2 (size before relaxing)
 .debug_str     0x0000040a      0x2ae build/stm32f0xx_hal_rcc.o
                                0x62e (size before relaxing)
 .debug_str     0x000006b8      0x3d0 build/stm32f0xx_hal.o
                                0x64b (size before relaxing)
 .debug_str     0x00000a88      0x288 build/stm32f0xx_hal_cortex.o
                                0x58c (size before relaxing)
 .debug_str     0x00000d10       0x5c build/system_stm32f0xx.o
                                0x24a (size before relaxing)
 .debug_str     0x00000d6c       0x32 build/startup_stm32f030x6.o
                                 0x57 (size before relaxing)

.comment        0x00000000       0x45
 .comment       0x00000000       0x45 build/main.o
                                 0x46 (size before relaxing)
 .comment       0x00000045       0x46 build/stm32f0xx_it.o
 .comment       0x00000045       0x46 build/stm32f0xx_hal_msp.o
 .comment       0x00000045       0x46 build/stm32f0xx_hal_rcc.o
 .comment       0x00000045       0x46 build/stm32f0xx_hal.o
 .comment       0x00000045       0x46 build/stm32f0xx_hal_cortex.o
 .comment       0x00000045       0x46 build/system_stm32f0xx.o

.debug_frame    0x00000000      0x5a8
 .debug_frame   0x00000000       0x50 build/main.o
 .debug_frame   0x00000050       0x68 build/stm32f0xx_it.o
 .debug_frame   0x000000b8       0x24 build/stm32f0xx_hal_msp.o
 .debug_frame   0x000000dc      0x138 build/stm32f0xx_hal_rcc.o
 .debug_frame   0x00000214      0x1ac build/stm32f0xx_hal.o
 .debug_frame   0x000003c0      0x144 build/stm32f0xx_hal_cortex.o
 .debug_frame   0x00000504       0x38 build/system_stm32f0xx.o
 .debug_frame   0x0000053c       0x20 c:/program files (x86)/arm gnu toolchain arm-none-eabi/12.3 rel1/bin/../lib/gcc/arm-none-eabi/12.3.1/thumb/v6-m/nofp\libc_nano.a(libc_a-memset.o)
 .debug_frame   0x0000055c       0x2c c:/program files (x86)/arm gnu toolchain arm-none-eabi/12.3 rel1/bin/../lib/gcc/arm-none-eabi/12.3.1/thumb/v6-m/nofp\libc_nano.a(libc_a-init.o)
 .debug_frame   0x00000588       0x20 c:/program files (x86)/arm gnu toolchain arm-none-eabi/12.3 rel1/bin/../lib/gcc/arm-none-eabi/12.3.1/thumb/v6-m/nofp\libgcc.a(_udivsi3.o)

.debug_line_str
                0x00000000       0xc9
 .debug_line_str
                0x00000000       0xc9 c:/program files (x86)/arm gnu toolchain arm-none-eabi/12.3 rel1/bin/../lib/gcc/arm-none-eabi/12.3.1/thumb/v6-m/nofp\libgcc.a(_udivsi3.o)
 .debug_line_str
                0x000000c9       0xc9 c:/program files (x86)/arm gnu toolchain arm-none-eabi/12.3 rel1/bin/../lib/gcc/arm-none-eabi/12.3.1/thumb/v6-m/nofp\libgcc.a(_dvmd_tls.o)

Cross Reference Table

Symbol                                            File
ADC1_IRQHandler                                   build/startup_stm32f030x6.o
AHBPrescTable                                     build/system_stm32f0xx.o
                                                  build/stm32f0xx_hal_rcc.o
APBPrescTable                                     build/system_stm32f0xx.o
                                                  build/stm32f0xx_hal_rcc.o
DMA1_Channel1_IRQHandler                          build/startup_stm32f030x6.o
DMA1_Channel2_3_IRQHandler                        build/startup_stm32f030x6.o
DMA1_Channel4_5_IRQHandler                        build/startup_stm32f030x6.o
Default_Handler                                   build/startup_stm32f030x6.o
EXTI0_1_IRQHandler                                build/startup_stm32f030x6.o
EXTI2_3_IRQHandler                                build/startup_stm32f030x6.o
EXTI4_15_IRQHandler                               build/startup_stm32f030x6.o
Error_Handler                                     build/main.o
FLASH_IRQHandler                                  build/startup_stm32f030x6.o
FLASH_PageErase                                   build/stm32f0xx_hal_flash_ex.o
                                                  build/stm32f0xx_hal_flash.o
FLASH_WaitForLastOperation                        build/stm32f0xx_hal_flash.o
                                                  build/stm32f0xx_hal_flash_ex.o
HAL_DBGMCU_DisableDBGStandbyMode                  build/stm32f0xx_hal.o
HAL_DBGMCU_DisableDBGStopMode                     build/stm32f0xx_hal.o
HAL_DBGMCU_EnableDBGStandbyMode                   build/stm32f0xx_hal.o
HAL_DBGMCU_EnableDBGStopMode                      build/stm32f0xx_hal.o
HAL_DMA_Abort                                     build/stm32f0xx_hal_dma.o
HAL_DMA_Abort_IT                                  build/stm32f0xx_hal_dma.o
                                                  build/stm32f0xx_hal_i2c.o
HAL_DMA_DeInit                                    build/stm32f0xx_hal_dma.o
HAL_DMA_GetError                                  build/stm32f0xx_hal_dma.o
HAL_DMA_GetState                                  build/stm32f0xx_hal_dma.o
                                                  build/stm32f0xx_hal_i2c.o
HAL_DMA_IRQHandler                                build/stm32f0xx_hal_dma.o
HAL_DMA_Init                                      build/stm32f0xx_hal_dma.o
HAL_DMA_PollForTransfer                           build/stm32f0xx_hal_dma.o
HAL_DMA_RegisterCallback                          build/stm32f0xx_hal_dma.o
HAL_DMA_Start                                     build/stm32f0xx_hal_dma.o
HAL_DMA_Start_IT                                  build/stm32f0xx_hal_dma.o
                                                  build/stm32f0xx_hal_i2c.o
HAL_DMA_UnRegisterCallback                        build/stm32f0xx_hal_dma.o
HAL_DeInit                                        build/stm32f0xx_hal.o
HAL_Delay                                         build/stm32f0xx_hal.o
HAL_EXTI_ClearConfigLine                          build/stm32f0xx_hal_exti.o
HAL_EXTI_ClearPending                             build/stm32f0xx_hal_exti.o
HAL_EXTI_GenerateSWI                              build/stm32f0xx_hal_exti.o
HAL_EXTI_GetConfigLine                            build/stm32f0xx_hal_exti.o
HAL_EXTI_GetHandle                                build/stm32f0xx_hal_exti.o
HAL_EXTI_GetPending                               build/stm32f0xx_hal_exti.o
HAL_EXTI_IRQHandler                               build/stm32f0xx_hal_exti.o
HAL_EXTI_RegisterCallback                         build/stm32f0xx_hal_exti.o
HAL_EXTI_SetConfigLine                            build/stm32f0xx_hal_exti.o
HAL_FLASHEx_Erase                                 build/stm32f0xx_hal_flash_ex.o
HAL_FLASHEx_Erase_IT                              build/stm32f0xx_hal_flash_ex.o
HAL_FLASHEx_OBErase                               build/stm32f0xx_hal_flash_ex.o
HAL_FLASHEx_OBGetConfig                           build/stm32f0xx_hal_flash_ex.o
HAL_FLASHEx_OBGetUserData                         build/stm32f0xx_hal_flash_ex.o
HAL_FLASHEx_OBProgram                             build/stm32f0xx_hal_flash_ex.o
HAL_FLASH_EndOfOperationCallback                  build/stm32f0xx_hal_flash.o
HAL_FLASH_GetError                                build/stm32f0xx_hal_flash.o
HAL_FLASH_IRQHandler                              build/stm32f0xx_hal_flash.o
HAL_FLASH_Lock                                    build/stm32f0xx_hal_flash.o
HAL_FLASH_OB_Launch                               build/stm32f0xx_hal_flash.o
HAL_FLASH_OB_Lock                                 build/stm32f0xx_hal_flash.o
HAL_FLASH_OB_Unlock                               build/stm32f0xx_hal_flash.o
HAL_FLASH_OperationErrorCallback                  build/stm32f0xx_hal_flash.o
HAL_FLASH_Program                                 build/stm32f0xx_hal_flash.o
HAL_FLASH_Program_IT                              build/stm32f0xx_hal_flash.o
HAL_FLASH_Unlock                                  build/stm32f0xx_hal_flash.o
HAL_GPIO_DeInit                                   build/stm32f0xx_hal_gpio.o
HAL_GPIO_EXTI_Callback                            build/stm32f0xx_hal_gpio.o
HAL_GPIO_EXTI_IRQHandler                          build/stm32f0xx_hal_gpio.o
HAL_GPIO_Init                                     build/stm32f0xx_hal_gpio.o
                                                  build/stm32f0xx_hal_rcc.o
HAL_GPIO_LockPin                                  build/stm32f0xx_hal_gpio.o
HAL_GPIO_ReadPin                                  build/stm32f0xx_hal_gpio.o
HAL_GPIO_TogglePin                                build/stm32f0xx_hal_gpio.o
HAL_GPIO_WritePin                                 build/stm32f0xx_hal_gpio.o
HAL_GetDEVID                                      build/stm32f0xx_hal.o
HAL_GetHalVersion                                 build/stm32f0xx_hal.o
HAL_GetREVID                                      build/stm32f0xx_hal.o
HAL_GetTick                                       build/stm32f0xx_hal.o
                                                  build/stm32f0xx_hal_flash.o
                                                  build/stm32f0xx_hal_dma.o
                                                  build/stm32f0xx_hal_i2c.o
                                                  build/stm32f0xx_hal_rcc_ex.o
                                                  build/stm32f0xx_hal_rcc.o
HAL_GetTickFreq                                   build/stm32f0xx_hal.o
HAL_GetTickPrio                                   build/stm32f0xx_hal.o
HAL_GetUIDw0                                      build/stm32f0xx_hal.o
HAL_GetUIDw1                                      build/stm32f0xx_hal.o
HAL_GetUIDw2                                      build/stm32f0xx_hal.o
HAL_I2CEx_ConfigAnalogFilter                      build/stm32f0xx_hal_i2c_ex.o
HAL_I2CEx_ConfigDigitalFilter                     build/stm32f0xx_hal_i2c_ex.o
HAL_I2CEx_DisableFastModePlus                     build/stm32f0xx_hal_i2c_ex.o
HAL_I2CEx_EnableFastModePlus                      build/stm32f0xx_hal_i2c_ex.o
HAL_I2C_AbortCpltCallback                         build/stm32f0xx_hal_i2c.o
HAL_I2C_AddrCallback                              build/stm32f0xx_hal_i2c.o
HAL_I2C_DeInit                                    build/stm32f0xx_hal_i2c.o
HAL_I2C_DisableListen_IT                          build/stm32f0xx_hal_i2c.o
HAL_I2C_ER_IRQHandler                             build/stm32f0xx_hal_i2c.o
HAL_I2C_EV_IRQHandler                             build/stm32f0xx_hal_i2c.o
HAL_I2C_EnableListen_IT                           build/stm32f0xx_hal_i2c.o
HAL_I2C_ErrorCallback                             build/stm32f0xx_hal_i2c.o
HAL_I2C_GetError                                  build/stm32f0xx_hal_i2c.o
HAL_I2C_GetMode                                   build/stm32f0xx_hal_i2c.o
HAL_I2C_GetState                                  build/stm32f0xx_hal_i2c.o
HAL_I2C_Init                                      build/stm32f0xx_hal_i2c.o
HAL_I2C_IsDeviceReady                             build/stm32f0xx_hal_i2c.o
HAL_I2C_ListenCpltCallback                        build/stm32f0xx_hal_i2c.o
HAL_I2C_MasterRxCpltCallback                      build/stm32f0xx_hal_i2c.o
HAL_I2C_MasterTxCpltCallback                      build/stm32f0xx_hal_i2c.o
HAL_I2C_Master_Abort_IT                           build/stm32f0xx_hal_i2c.o
HAL_I2C_Master_Receive                            build/stm32f0xx_hal_i2c.o
HAL_I2C_Master_Receive_DMA                        build/stm32f0xx_hal_i2c.o
HAL_I2C_Master_Receive_IT                         build/stm32f0xx_hal_i2c.o
HAL_I2C_Master_Seq_Receive_DMA                    build/stm32f0xx_hal_i2c.o
HAL_I2C_Master_Seq_Receive_IT                     build/stm32f0xx_hal_i2c.o
HAL_I2C_Master_Seq_Transmit_DMA                   build/stm32f0xx_hal_i2c.o
HAL_I2C_Master_Seq_Transmit_IT                    build/stm32f0xx_hal_i2c.o
HAL_I2C_Master_Transmit                           build/stm32f0xx_hal_i2c.o
HAL_I2C_Master_Transmit_DMA                       build/stm32f0xx_hal_i2c.o
HAL_I2C_Master_Transmit_IT                        build/stm32f0xx_hal_i2c.o
HAL_I2C_MemRxCpltCallback                         build/stm32f0xx_hal_i2c.o
HAL_I2C_MemTxCpltCallback                         build/stm32f0xx_hal_i2c.o
HAL_I2C_Mem_Read                                  build/stm32f0xx_hal_i2c.o
HAL_I2C_Mem_Read_DMA                              build/stm32f0xx_hal_i2c.o
HAL_I2C_Mem_Read_IT                               build/stm32f0xx_hal_i2c.o
HAL_I2C_Mem_Write                                 build/stm32f0xx_hal_i2c.o
HAL_I2C_Mem_Write_DMA                             build/stm32f0xx_hal_i2c.o
HAL_I2C_Mem_Write_IT                              build/stm32f0xx_hal_i2c.o
HAL_I2C_MspDeInit                                 build/stm32f0xx_hal_i2c.o
HAL_I2C_MspInit                                   build/stm32f0xx_hal_i2c.o
HAL_I2C_SlaveRxCpltCallback                       build/stm32f0xx_hal_i2c.o
HAL_I2C_SlaveTxCpltCallback                       build/stm32f0xx_hal_i2c.o
HAL_I2C_Slave_Receive                             build/stm32f0xx_hal_i2c.o
HAL_I2C_Slave_Receive_DMA                         build/stm32f0xx_hal_i2c.o
HAL_I2C_Slave_Receive_IT                          build/stm32f0xx_hal_i2c.o
HAL_I2C_Slave_Seq_Receive_DMA                     build/stm32f0xx_hal_i2c.o
HAL_I2C_Slave_Seq_Receive_IT                      build/stm32f0xx_hal_i2c.o
HAL_I2C_Slave_Seq_Transmit_DMA                    build/stm32f0xx_hal_i2c.o
HAL_I2C_Slave_Seq_Transmit_IT                     build/stm32f0xx_hal_i2c.o
HAL_I2C_Slave_Transmit                            build/stm32f0xx_hal_i2c.o
HAL_I2C_Slave_Transmit_DMA                        build/stm32f0xx_hal_i2c.o
HAL_I2C_Slave_Transmit_IT                         build/stm32f0xx_hal_i2c.o
HAL_IncTick                                       build/stm32f0xx_hal.o
                                                  build/stm32f0xx_it.o
HAL_Init                                          build/stm32f0xx_hal.o
                                                  build/main.o
HAL_InitTick                                      build/stm32f0xx_hal.o
                                                  build/stm32f0xx_hal_rcc.o
HAL_MspDeInit                                     build/stm32f0xx_hal.o
HAL_MspInit                                       build/stm32f0xx_hal_msp.o
HAL_NVIC_ClearPendingIRQ                          build/stm32f0xx_hal_cortex.o
HAL_NVIC_DisableIRQ                               build/stm32f0xx_hal_cortex.o
HAL_NVIC_EnableIRQ                                build/stm32f0xx_hal_cortex.o
HAL_NVIC_GetPendingIRQ                            build/stm32f0xx_hal_cortex.o
HAL_NVIC_GetPriority                              build/stm32f0xx_hal_cortex.o
HAL_NVIC_SetPendingIRQ                            build/stm32f0xx_hal_cortex.o
HAL_NVIC_SetPriority                              build/stm32f0xx_hal_cortex.o
                                                  build/stm32f0xx_hal.o
HAL_NVIC_SystemReset                              build/stm32f0xx_hal_cortex.o
HAL_PWR_DeInit                                    build/stm32f0xx_hal_pwr.o
HAL_PWR_DisableBkUpAccess                         build/stm32f0xx_hal_pwr.o
HAL_PWR_DisableSEVOnPend                          build/stm32f0xx_hal_pwr.o
HAL_PWR_DisableSleepOnExit                        build/stm32f0xx_hal_pwr.o
HAL_PWR_DisableWakeUpPin                          build/stm32f0xx_hal_pwr.o
HAL_PWR_EnableBkUpAccess                          build/stm32f0xx_hal_pwr.o
HAL_PWR_EnableSEVOnPend                           build/stm32f0xx_hal_pwr.o
HAL_PWR_EnableSleepOnExit                         build/stm32f0xx_hal_pwr.o
HAL_PWR_EnableWakeUpPin                           build/stm32f0xx_hal_pwr.o
HAL_PWR_EnterSLEEPMode                            build/stm32f0xx_hal_pwr.o
HAL_PWR_EnterSTANDBYMode                          build/stm32f0xx_hal_pwr.o
HAL_PWR_EnterSTOPMode                             build/stm32f0xx_hal_pwr.o
HAL_RCCEx_GetPeriphCLKConfig                      build/stm32f0xx_hal_rcc_ex.o
HAL_RCCEx_GetPeriphCLKFreq                        build/stm32f0xx_hal_rcc_ex.o
HAL_RCCEx_PeriphCLKConfig                         build/stm32f0xx_hal_rcc_ex.o
HAL_RCC_CSSCallback                               build/stm32f0xx_hal_rcc.o
HAL_RCC_ClockConfig                               build/stm32f0xx_hal_rcc.o
                                                  build/main.o
HAL_RCC_DeInit                                    build/stm32f0xx_hal_rcc.o
HAL_RCC_DisableCSS                                build/stm32f0xx_hal_rcc.o
HAL_RCC_EnableCSS                                 build/stm32f0xx_hal_rcc.o
HAL_RCC_GetClockConfig                            build/stm32f0xx_hal_rcc.o
HAL_RCC_GetHCLKFreq                               build/stm32f0xx_hal_rcc.o
HAL_RCC_GetOscConfig                              build/stm32f0xx_hal_rcc.o
HAL_RCC_GetPCLK1Freq                              build/stm32f0xx_hal_rcc.o
                                                  build/stm32f0xx_hal_rcc_ex.o
HAL_RCC_GetSysClockFreq                           build/stm32f0xx_hal_rcc.o
                                                  build/stm32f0xx_hal_rcc_ex.o
HAL_RCC_MCOConfig                                 build/stm32f0xx_hal_rcc.o
HAL_RCC_NMI_IRQHandler                            build/stm32f0xx_hal_rcc.o
HAL_RCC_OscConfig                                 build/stm32f0xx_hal_rcc.o
                                                  build/main.o
HAL_ResumeTick                                    build/stm32f0xx_hal.o
HAL_SYSTICK_CLKSourceConfig                       build/stm32f0xx_hal_cortex.o
HAL_SYSTICK_Callback                              build/stm32f0xx_hal_cortex.o
HAL_SYSTICK_Config                                build/stm32f0xx_hal_cortex.o
                                                  build/stm32f0xx_hal.o
HAL_SYSTICK_IRQHandler                            build/stm32f0xx_hal_cortex.o
HAL_SetTickFreq                                   build/stm32f0xx_hal.o
HAL_SuspendTick                                   build/stm32f0xx_hal.o
HardFault_Handler                                 build/stm32f0xx_it.o
I2C1_IRQHandler                                   build/startup_stm32f030x6.o
NMI_Handler                                       build/stm32f0xx_it.o
PendSV_Handler                                    build/stm32f0xx_it.o
RCC_IRQHandler                                    build/startup_stm32f030x6.o
RTC_IRQHandler                                    build/startup_stm32f030x6.o
Reset_Handler                                     build/startup_stm32f030x6.o
SPI1_IRQHandler                                   build/startup_stm32f030x6.o
SVC_Handler                                       build/stm32f0xx_it.o
SysTick_Handler                                   build/stm32f0xx_it.o
SystemClock_Config                                build/main.o
SystemCoreClock                                   build/system_stm32f0xx.o
                                                  build/stm32f0xx_hal.o
                                                  build/stm32f0xx_hal_rcc.o
SystemCoreClockUpdate                             build/system_stm32f0xx.o
SystemInit                                        build/system_stm32f0xx.o
                                                  build/startup_stm32f030x6.o
TIM14_IRQHandler                                  build/startup_stm32f030x6.o
TIM16_IRQHandler                                  build/startup_stm32f030x6.o
TIM17_IRQHandler                                  build/startup_stm32f030x6.o
TIM1_BRK_UP_TRG_COM_IRQHandler                    build/startup_stm32f030x6.o
TIM1_CC_IRQHandler                                build/startup_stm32f030x6.o
TIM3_IRQHandler                                   build/startup_stm32f030x6.o
USART1_IRQHandler                                 build/startup_stm32f030x6.o
WWDG_IRQHandler                                   build/startup_stm32f030x6.o
_ITM_deregisterTMCloneTable                       c:/program files (x86)/arm gnu toolchain arm-none-eabi/12.3 rel1/bin/../lib/gcc/arm-none-eabi/12.3.1/thumb/v6-m/nofp/crtbegin.o
_ITM_registerTMCloneTable                         c:/program files (x86)/arm gnu toolchain arm-none-eabi/12.3 rel1/bin/../lib/gcc/arm-none-eabi/12.3.1/thumb/v6-m/nofp/crtbegin.o
__TMC_END__                                       c:/program files (x86)/arm gnu toolchain arm-none-eabi/12.3 rel1/bin/../lib/gcc/arm-none-eabi/12.3.1/thumb/v6-m/nofp/crtend.o
                                                  c:/program files (x86)/arm gnu toolchain arm-none-eabi/12.3 rel1/bin/../lib/gcc/arm-none-eabi/12.3.1/thumb/v6-m/nofp/crtbegin.o
__aeabi_idiv0                                     c:/program files (x86)/arm gnu toolchain arm-none-eabi/12.3 rel1/bin/../lib/gcc/arm-none-eabi/12.3.1/thumb/v6-m/nofp\libgcc.a(_dvmd_tls.o)
                                                  c:/program files (x86)/arm gnu toolchain arm-none-eabi/12.3 rel1/bin/../lib/gcc/arm-none-eabi/12.3.1/thumb/v6-m/nofp\libgcc.a(_udivsi3.o)
__aeabi_ldiv0                                     c:/program files (x86)/arm gnu toolchain arm-none-eabi/12.3 rel1/bin/../lib/gcc/arm-none-eabi/12.3.1/thumb/v6-m/nofp\libgcc.a(_dvmd_tls.o)
__aeabi_uidiv                                     c:/program files (x86)/arm gnu toolchain arm-none-eabi/12.3 rel1/bin/../lib/gcc/arm-none-eabi/12.3.1/thumb/v6-m/nofp\libgcc.a(_udivsi3.o)
                                                  build/system_stm32f0xx.o
                                                  build/stm32f0xx_hal_dma.o
                                                  build/stm32f0xx_hal.o
                                                  build/stm32f0xx_hal_rcc.o
__aeabi_uidivmod                                  c:/program files (x86)/arm gnu toolchain arm-none-eabi/12.3 rel1/bin/../lib/gcc/arm-none-eabi/12.3.1/thumb/v6-m/nofp\libgcc.a(_udivsi3.o)
__bss_end__                                       c:/program files (x86)/arm gnu toolchain arm-none-eabi/12.3 rel1/bin/../lib/gcc/arm-none-eabi/12.3.1/thumb/v6-m/nofp/crt0.o
__bss_start__                                     c:/program files (x86)/arm gnu toolchain arm-none-eabi/12.3 rel1/bin/../lib/gcc/arm-none-eabi/12.3.1/thumb/v6-m/nofp/crt0.o
__call_exitprocs                                  c:/program files (x86)/arm gnu toolchain arm-none-eabi/12.3 rel1/bin/../lib/gcc/arm-none-eabi/12.3.1/thumb/v6-m/nofp\libc_nano.a(libc_a-exit.o)
__deregister_frame_info                           c:/program files (x86)/arm gnu toolchain arm-none-eabi/12.3 rel1/bin/../lib/gcc/arm-none-eabi/12.3.1/thumb/v6-m/nofp/crtbegin.o
__dso_handle                                      c:/program files (x86)/arm gnu toolchain arm-none-eabi/12.3 rel1/bin/../lib/gcc/arm-none-eabi/12.3.1/thumb/v6-m/nofp/crtbegin.o
__fp_lock_all                                     c:/program files (x86)/arm gnu toolchain arm-none-eabi/12.3 rel1/bin/../lib/gcc/arm-none-eabi/12.3.1/thumb/v6-m/nofp\libc_nano.a(libc_a-findfp.o)
__fp_unlock_all                                   c:/program files (x86)/arm gnu toolchain arm-none-eabi/12.3 rel1/bin/../lib/gcc/arm-none-eabi/12.3.1/thumb/v6-m/nofp\libc_nano.a(libc_a-findfp.o)
__init_array_end                                  c:/program files (x86)/arm gnu toolchain arm-none-eabi/12.3 rel1/bin/../lib/gcc/arm-none-eabi/12.3.1/thumb/v6-m/nofp\libc_nano.a(libc_a-init.o)
__init_array_start                                c:/program files (x86)/arm gnu toolchain arm-none-eabi/12.3 rel1/bin/../lib/gcc/arm-none-eabi/12.3.1/thumb/v6-m/nofp\libc_nano.a(libc_a-init.o)
__libc_fini_array                                 c:/program files (x86)/arm gnu toolchain arm-none-eabi/12.3 rel1/bin/../lib/gcc/arm-none-eabi/12.3.1/thumb/v6-m/nofp/crt0.o
__libc_init_array                                 c:/program files (x86)/arm gnu toolchain arm-none-eabi/12.3 rel1/bin/../lib/gcc/arm-none-eabi/12.3.1/thumb/v6-m/nofp\libc_nano.a(libc_a-init.o)
                                                  build/startup_stm32f030x6.o
                                                  c:/program files (x86)/arm gnu toolchain arm-none-eabi/12.3 rel1/bin/../lib/gcc/arm-none-eabi/12.3.1/thumb/v6-m/nofp/crt0.o
__lock___arc4random_mutex                         c:/program files (x86)/arm gnu toolchain arm-none-eabi/12.3 rel1/bin/../lib/gcc/arm-none-eabi/12.3.1/thumb/v6-m/nofp\libc_nano.a(libc_a-lock.o)
__lock___at_quick_exit_mutex                      c:/program files (x86)/arm gnu toolchain arm-none-eabi/12.3 rel1/bin/../lib/gcc/arm-none-eabi/12.3.1/thumb/v6-m/nofp\libc_nano.a(libc_a-lock.o)
__lock___atexit_recursive_mutex                   c:/program files (x86)/arm gnu toolchain arm-none-eabi/12.3 rel1/bin/../lib/gcc/arm-none-eabi/12.3.1/thumb/v6-m/nofp\libc_nano.a(libc_a-lock.o)
__lock___dd_hash_mutex                            c:/program files (x86)/arm gnu toolchain arm-none-eabi/12.3 rel1/bin/../lib/gcc/arm-none-eabi/12.3.1/thumb/v6-m/nofp\libc_nano.a(libc_a-lock.o)
__lock___env_recursive_mutex                      c:/program files (x86)/arm gnu toolchain arm-none-eabi/12.3 rel1/bin/../lib/gcc/arm-none-eabi/12.3.1/thumb/v6-m/nofp\libc_nano.a(libc_a-lock.o)
__lock___malloc_recursive_mutex                   c:/program files (x86)/arm gnu toolchain arm-none-eabi/12.3 rel1/bin/../lib/gcc/arm-none-eabi/12.3.1/thumb/v6-m/nofp\libc_nano.a(libc_a-lock.o)
                                                  c:/program files (x86)/arm gnu toolchain arm-none-eabi/12.3 rel1/bin/../lib/gcc/arm-none-eabi/12.3.1/thumb/v6-m/nofp\libc_nano.a(libc_a-mlock.o)
__lock___sfp_recursive_mutex                      c:/program files (x86)/arm gnu toolchain arm-none-eabi/12.3 rel1/bin/../lib/gcc/arm-none-eabi/12.3.1/thumb/v6-m/nofp\libc_nano.a(libc_a-lock.o)
                                                  c:/program files (x86)/arm gnu toolchain arm-none-eabi/12.3 rel1/bin/../lib/gcc/arm-none-eabi/12.3.1/thumb/v6-m/nofp\libc_nano.a(libc_a-findfp.o)
__lock___tz_mutex                                 c:/program files (x86)/arm gnu toolchain arm-none-eabi/12.3 rel1/bin/../lib/gcc/arm-none-eabi/12.3.1/thumb/v6-m/nofp\libc_nano.a(libc_a-lock.o)
__malloc_free_list                                c:/program files (x86)/arm gnu toolchain arm-none-eabi/12.3 rel1/bin/../lib/gcc/arm-none-eabi/12.3.1/thumb/v6-m/nofp\libc_nano.a(libc_a-mallocr.o)
                                                  c:/program files (x86)/arm gnu toolchain arm-none-eabi/12.3 rel1/bin/../lib/gcc/arm-none-eabi/12.3.1/thumb/v6-m/nofp\libc_nano.a(libc_a-freer.o)
__malloc_lock                                     c:/program files (x86)/arm gnu toolchain arm-none-eabi/12.3 rel1/bin/../lib/gcc/arm-none-eabi/12.3.1/thumb/v6-m/nofp\libc_nano.a(libc_a-mlock.o)
                                                  c:/program files (x86)/arm gnu toolchain arm-none-eabi/12.3 rel1/bin/../lib/gcc/arm-none-eabi/12.3.1/thumb/v6-m/nofp\libc_nano.a(libc_a-mallocr.o)
                                                  c:/program files (x86)/arm gnu toolchain arm-none-eabi/12.3 rel1/bin/../lib/gcc/arm-none-eabi/12.3.1/thumb/v6-m/nofp\libc_nano.a(libc_a-freer.o)
__malloc_sbrk_start                               c:/program files (x86)/arm gnu toolchain arm-none-eabi/12.3 rel1/bin/../lib/gcc/arm-none-eabi/12.3.1/thumb/v6-m/nofp\libc_nano.a(libc_a-mallocr.o)
__malloc_unlock                                   c:/program files (x86)/arm gnu toolchain arm-none-eabi/12.3 rel1/bin/../lib/gcc/arm-none-eabi/12.3.1/thumb/v6-m/nofp\libc_nano.a(libc_a-mlock.o)
                                                  c:/program files (x86)/arm gnu toolchain arm-none-eabi/12.3 rel1/bin/../lib/gcc/arm-none-eabi/12.3.1/thumb/v6-m/nofp\libc_nano.a(libc_a-mallocr.o)
                                                  c:/program files (x86)/arm gnu toolchain arm-none-eabi/12.3 rel1/bin/../lib/gcc/arm-none-eabi/12.3.1/thumb/v6-m/nofp\libc_nano.a(libc_a-freer.o)
__preinit_array_end                               c:/program files (x86)/arm gnu toolchain arm-none-eabi/12.3 rel1/bin/../lib/gcc/arm-none-eabi/12.3.1/thumb/v6-m/nofp\libc_nano.a(libc_a-init.o)
__preinit_array_start                             c:/program files (x86)/arm gnu toolchain arm-none-eabi/12.3 rel1/bin/../lib/gcc/arm-none-eabi/12.3.1/thumb/v6-m/nofp\libc_nano.a(libc_a-init.o)
__register_frame_info                             c:/program files (x86)/arm gnu toolchain arm-none-eabi/12.3 rel1/bin/../lib/gcc/arm-none-eabi/12.3.1/thumb/v6-m/nofp/crtbegin.o
__retarget_lock_acquire                           c:/program files (x86)/arm gnu toolchain arm-none-eabi/12.3 rel1/bin/../lib/gcc/arm-none-eabi/12.3.1/thumb/v6-m/nofp\libc_nano.a(libc_a-lock.o)
__retarget_lock_acquire_recursive                 c:/program files (x86)/arm gnu toolchain arm-none-eabi/12.3 rel1/bin/../lib/gcc/arm-none-eabi/12.3.1/thumb/v6-m/nofp\libc_nano.a(libc_a-lock.o)
                                                  c:/program files (x86)/arm gnu toolchain arm-none-eabi/12.3 rel1/bin/../lib/gcc/arm-none-eabi/12.3.1/thumb/v6-m/nofp\libc_nano.a(libc_a-fflush.o)
                                                  c:/program files (x86)/arm gnu toolchain arm-none-eabi/12.3 rel1/bin/../lib/gcc/arm-none-eabi/12.3.1/thumb/v6-m/nofp\libc_nano.a(libc_a-mlock.o)
                                                  c:/program files (x86)/arm gnu toolchain arm-none-eabi/12.3 rel1/bin/../lib/gcc/arm-none-eabi/12.3.1/thumb/v6-m/nofp\libc_nano.a(libc_a-findfp.o)
__retarget_lock_close                             c:/program files (x86)/arm gnu toolchain arm-none-eabi/12.3 rel1/bin/../lib/gcc/arm-none-eabi/12.3.1/thumb/v6-m/nofp\libc_nano.a(libc_a-lock.o)
__retarget_lock_close_recursive                   c:/program files (x86)/arm gnu toolchain arm-none-eabi/12.3 rel1/bin/../lib/gcc/arm-none-eabi/12.3.1/thumb/v6-m/nofp\libc_nano.a(libc_a-lock.o)
__retarget_lock_init                              c:/program files (x86)/arm gnu toolchain arm-none-eabi/12.3 rel1/bin/../lib/gcc/arm-none-eabi/12.3.1/thumb/v6-m/nofp\libc_nano.a(libc_a-lock.o)
__retarget_lock_init_recursive                    c:/program files (x86)/arm gnu toolchain arm-none-eabi/12.3 rel1/bin/../lib/gcc/arm-none-eabi/12.3.1/thumb/v6-m/nofp\libc_nano.a(libc_a-lock.o)
                                                  c:/program files (x86)/arm gnu toolchain arm-none-eabi/12.3 rel1/bin/../lib/gcc/arm-none-eabi/12.3.1/thumb/v6-m/nofp\libc_nano.a(libc_a-findfp.o)
__retarget_lock_release                           c:/program files (x86)/arm gnu toolchain arm-none-eabi/12.3 rel1/bin/../lib/gcc/arm-none-eabi/12.3.1/thumb/v6-m/nofp\libc_nano.a(libc_a-lock.o)
__retarget_lock_release_recursive                 c:/program files (x86)/arm gnu toolchain arm-none-eabi/12.3 rel1/bin/../lib/gcc/arm-none-eabi/12.3.1/thumb/v6-m/nofp\libc_nano.a(libc_a-lock.o)
                                                  c:/program files (x86)/arm gnu toolchain arm-none-eabi/12.3 rel1/bin/../lib/gcc/arm-none-eabi/12.3.1/thumb/v6-m/nofp\libc_nano.a(libc_a-fflush.o)
                                                  c:/program files (x86)/arm gnu toolchain arm-none-eabi/12.3 rel1/bin/../lib/gcc/arm-none-eabi/12.3.1/thumb/v6-m/nofp\libc_nano.a(libc_a-mlock.o)
                                                  c:/program files (x86)/arm gnu toolchain arm-none-eabi/12.3 rel1/bin/../lib/gcc/arm-none-eabi/12.3.1/thumb/v6-m/nofp\libc_nano.a(libc_a-findfp.o)
__retarget_lock_try_acquire                       c:/program files (x86)/arm gnu toolchain arm-none-eabi/12.3 rel1/bin/../lib/gcc/arm-none-eabi/12.3.1/thumb/v6-m/nofp\libc_nano.a(libc_a-lock.o)
__retarget_lock_try_acquire_recursive             c:/program files (x86)/arm gnu toolchain arm-none-eabi/12.3 rel1/bin/../lib/gcc/arm-none-eabi/12.3.1/thumb/v6-m/nofp\libc_nano.a(libc_a-lock.o)
__sclose                                          c:/program files (x86)/arm gnu toolchain arm-none-eabi/12.3 rel1/bin/../lib/gcc/arm-none-eabi/12.3.1/thumb/v6-m/nofp\libc_nano.a(libc_a-stdio.o)
                                                  c:/program files (x86)/arm gnu toolchain arm-none-eabi/12.3 rel1/bin/../lib/gcc/arm-none-eabi/12.3.1/thumb/v6-m/nofp\libc_nano.a(libc_a-findfp.o)
__seofread                                        c:/program files (x86)/arm gnu toolchain arm-none-eabi/12.3 rel1/bin/../lib/gcc/arm-none-eabi/12.3.1/thumb/v6-m/nofp\libc_nano.a(libc_a-stdio.o)
__sf                                              c:/program files (x86)/arm gnu toolchain arm-none-eabi/12.3 rel1/bin/../lib/gcc/arm-none-eabi/12.3.1/thumb/v6-m/nofp\libc_nano.a(libc_a-findfp.o)
                                                  c:/program files (x86)/arm gnu toolchain arm-none-eabi/12.3 rel1/bin/../lib/gcc/arm-none-eabi/12.3.1/thumb/v6-m/nofp\libc_nano.a(libc_a-impure.o)
__sflush_r                                        c:/program files (x86)/arm gnu toolchain arm-none-eabi/12.3 rel1/bin/../lib/gcc/arm-none-eabi/12.3.1/thumb/v6-m/nofp\libc_nano.a(libc_a-fflush.o)
__sfp                                             c:/program files (x86)/arm gnu toolchain arm-none-eabi/12.3 rel1/bin/../lib/gcc/arm-none-eabi/12.3.1/thumb/v6-m/nofp\libc_nano.a(libc_a-findfp.o)
__sfp_lock_acquire                                c:/program files (x86)/arm gnu toolchain arm-none-eabi/12.3 rel1/bin/../lib/gcc/arm-none-eabi/12.3.1/thumb/v6-m/nofp\libc_nano.a(libc_a-findfp.o)
__sfp_lock_release                                c:/program files (x86)/arm gnu toolchain arm-none-eabi/12.3 rel1/bin/../lib/gcc/arm-none-eabi/12.3.1/thumb/v6-m/nofp\libc_nano.a(libc_a-findfp.o)
__sglue                                           c:/program files (x86)/arm gnu toolchain arm-none-eabi/12.3 rel1/bin/../lib/gcc/arm-none-eabi/12.3.1/thumb/v6-m/nofp\libc_nano.a(libc_a-findfp.o)
                                                  c:/program files (x86)/arm gnu toolchain arm-none-eabi/12.3 rel1/bin/../lib/gcc/arm-none-eabi/12.3.1/thumb/v6-m/nofp\libc_nano.a(libc_a-fflush.o)
__sinit                                           c:/program files (x86)/arm gnu toolchain arm-none-eabi/12.3 rel1/bin/../lib/gcc/arm-none-eabi/12.3.1/thumb/v6-m/nofp\libc_nano.a(libc_a-findfp.o)
                                                  c:/program files (x86)/arm gnu toolchain arm-none-eabi/12.3 rel1/bin/../lib/gcc/arm-none-eabi/12.3.1/thumb/v6-m/nofp\libc_nano.a(libc_a-fflush.o)
__sread                                           c:/program files (x86)/arm gnu toolchain arm-none-eabi/12.3 rel1/bin/../lib/gcc/arm-none-eabi/12.3.1/thumb/v6-m/nofp\libc_nano.a(libc_a-stdio.o)
                                                  c:/program files (x86)/arm gnu toolchain arm-none-eabi/12.3 rel1/bin/../lib/gcc/arm-none-eabi/12.3.1/thumb/v6-m/nofp\libc_nano.a(libc_a-findfp.o)
__sseek                                           c:/program files (x86)/arm gnu toolchain arm-none-eabi/12.3 rel1/bin/../lib/gcc/arm-none-eabi/12.3.1/thumb/v6-m/nofp\libc_nano.a(libc_a-stdio.o)
                                                  c:/program files (x86)/arm gnu toolchain arm-none-eabi/12.3 rel1/bin/../lib/gcc/arm-none-eabi/12.3.1/thumb/v6-m/nofp\libc_nano.a(libc_a-findfp.o)
__stack                                           c:/program files (x86)/arm gnu toolchain arm-none-eabi/12.3 rel1/bin/../lib/gcc/arm-none-eabi/12.3.1/thumb/v6-m/nofp/crt0.o
__stdio_exit_handler                              c:/program files (x86)/arm gnu toolchain arm-none-eabi/12.3 rel1/bin/../lib/gcc/arm-none-eabi/12.3.1/thumb/v6-m/nofp\libc_nano.a(libc_a-findfp.o)
                                                  c:/program files (x86)/arm gnu toolchain arm-none-eabi/12.3 rel1/bin/../lib/gcc/arm-none-eabi/12.3.1/thumb/v6-m/nofp\libc_nano.a(libc_a-exit.o)
__swrite                                          c:/program files (x86)/arm gnu toolchain arm-none-eabi/12.3 rel1/bin/../lib/gcc/arm-none-eabi/12.3.1/thumb/v6-m/nofp\libc_nano.a(libc_a-stdio.o)
                                                  c:/program files (x86)/arm gnu toolchain arm-none-eabi/12.3 rel1/bin/../lib/gcc/arm-none-eabi/12.3.1/thumb/v6-m/nofp\libc_nano.a(libc_a-findfp.o)
__udivsi3                                         c:/program files (x86)/arm gnu toolchain arm-none-eabi/12.3 rel1/bin/../lib/gcc/arm-none-eabi/12.3.1/thumb/v6-m/nofp\libgcc.a(_udivsi3.o)
_close                                            c:/program files (x86)/arm gnu toolchain arm-none-eabi/12.3 rel1/bin/../lib/gcc/arm-none-eabi/12.3.1/thumb/v6-m/nofp\libnosys.a(close.o)
                                                  c:/program files (x86)/arm gnu toolchain arm-none-eabi/12.3 rel1/bin/../lib/gcc/arm-none-eabi/12.3.1/thumb/v6-m/nofp\libc_nano.a(libc_a-closer.o)
_close_r                                          c:/program files (x86)/arm gnu toolchain arm-none-eabi/12.3 rel1/bin/../lib/gcc/arm-none-eabi/12.3.1/thumb/v6-m/nofp\libc_nano.a(libc_a-closer.o)
                                                  c:/program files (x86)/arm gnu toolchain arm-none-eabi/12.3 rel1/bin/../lib/gcc/arm-none-eabi/12.3.1/thumb/v6-m/nofp\libc_nano.a(libc_a-stdio.o)
_ebss                                             build/startup_stm32f030x6.o
_edata                                            build/startup_stm32f030x6.o
_estack                                           build/startup_stm32f030x6.o
_exit                                             c:/program files (x86)/arm gnu toolchain arm-none-eabi/12.3 rel1/bin/../lib/gcc/arm-none-eabi/12.3.1/thumb/v6-m/nofp\libnosys.a(_exit.o)
                                                  c:/program files (x86)/arm gnu toolchain arm-none-eabi/12.3 rel1/bin/../lib/gcc/arm-none-eabi/12.3.1/thumb/v6-m/nofp\libc_nano.a(libc_a-exit.o)
_fflush_r                                         c:/program files (x86)/arm gnu toolchain arm-none-eabi/12.3 rel1/bin/../lib/gcc/arm-none-eabi/12.3.1/thumb/v6-m/nofp\libc_nano.a(libc_a-fflush.o)
                                                  c:/program files (x86)/arm gnu toolchain arm-none-eabi/12.3 rel1/bin/../lib/gcc/arm-none-eabi/12.3.1/thumb/v6-m/nofp\libc_nano.a(libc_a-findfp.o)
_fini                                             c:/program files (x86)/arm gnu toolchain arm-none-eabi/12.3 rel1/bin/../lib/gcc/arm-none-eabi/12.3.1/thumb/v6-m/nofp/crti.o
_free_r                                           c:/program files (x86)/arm gnu toolchain arm-none-eabi/12.3 rel1/bin/../lib/gcc/arm-none-eabi/12.3.1/thumb/v6-m/nofp\libc_nano.a(libc_a-freer.o)
                                                  c:/program files (x86)/arm gnu toolchain arm-none-eabi/12.3 rel1/bin/../lib/gcc/arm-none-eabi/12.3.1/thumb/v6-m/nofp\libc_nano.a(libc_a-fflush.o)
                                                  c:/program files (x86)/arm gnu toolchain arm-none-eabi/12.3 rel1/bin/../lib/gcc/arm-none-eabi/12.3.1/thumb/v6-m/nofp\libc_nano.a(libc_a-reent.o)
_fwalk_sglue                                      c:/program files (x86)/arm gnu toolchain arm-none-eabi/12.3 rel1/bin/../lib/gcc/arm-none-eabi/12.3.1/thumb/v6-m/nofp\libc_nano.a(libc_a-fwalk.o)
                                                  c:/program files (x86)/arm gnu toolchain arm-none-eabi/12.3 rel1/bin/../lib/gcc/arm-none-eabi/12.3.1/thumb/v6-m/nofp\libc_nano.a(libc_a-fflush.o)
                                                  c:/program files (x86)/arm gnu toolchain arm-none-eabi/12.3 rel1/bin/../lib/gcc/arm-none-eabi/12.3.1/thumb/v6-m/nofp\libc_nano.a(libc_a-findfp.o)
_impure_data                                      c:/program files (x86)/arm gnu toolchain arm-none-eabi/12.3 rel1/bin/../lib/gcc/arm-none-eabi/12.3.1/thumb/v6-m/nofp\libc_nano.a(libc_a-impure.o)
                                                  c:/program files (x86)/arm gnu toolchain arm-none-eabi/12.3 rel1/bin/../lib/gcc/arm-none-eabi/12.3.1/thumb/v6-m/nofp\libc_nano.a(libc_a-fflush.o)
                                                  c:/program files (x86)/arm gnu toolchain arm-none-eabi/12.3 rel1/bin/../lib/gcc/arm-none-eabi/12.3.1/thumb/v6-m/nofp\libc_nano.a(libc_a-findfp.o)
_impure_ptr                                       c:/program files (x86)/arm gnu toolchain arm-none-eabi/12.3 rel1/bin/../lib/gcc/arm-none-eabi/12.3.1/thumb/v6-m/nofp\libc_nano.a(libc_a-impure.o)
                                                  c:/program files (x86)/arm gnu toolchain arm-none-eabi/12.3 rel1/bin/../lib/gcc/arm-none-eabi/12.3.1/thumb/v6-m/nofp\libc_nano.a(libc_a-fflush.o)
                                                  c:/program files (x86)/arm gnu toolchain arm-none-eabi/12.3 rel1/bin/../lib/gcc/arm-none-eabi/12.3.1/thumb/v6-m/nofp\libc_nano.a(libc_a-reent.o)
_init                                             c:/program files (x86)/arm gnu toolchain arm-none-eabi/12.3 rel1/bin/../lib/gcc/arm-none-eabi/12.3.1/thumb/v6-m/nofp/crti.o
                                                  c:/program files (x86)/arm gnu toolchain arm-none-eabi/12.3 rel1/bin/../lib/gcc/arm-none-eabi/12.3.1/thumb/v6-m/nofp\libc_nano.a(libc_a-init.o)
_lseek                                            c:/program files (x86)/arm gnu toolchain arm-none-eabi/12.3 rel1/bin/../lib/gcc/arm-none-eabi/12.3.1/thumb/v6-m/nofp\libnosys.a(lseek.o)
                                                  c:/program files (x86)/arm gnu toolchain arm-none-eabi/12.3 rel1/bin/../lib/gcc/arm-none-eabi/12.3.1/thumb/v6-m/nofp\libc_nano.a(libc_a-lseekr.o)
_lseek_r                                          c:/program files (x86)/arm gnu toolchain arm-none-eabi/12.3 rel1/bin/../lib/gcc/arm-none-eabi/12.3.1/thumb/v6-m/nofp\libc_nano.a(libc_a-lseekr.o)
                                                  c:/program files (x86)/arm gnu toolchain arm-none-eabi/12.3 rel1/bin/../lib/gcc/arm-none-eabi/12.3.1/thumb/v6-m/nofp\libc_nano.a(libc_a-stdio.o)
_mainCRTStartup                                   c:/program files (x86)/arm gnu toolchain arm-none-eabi/12.3 rel1/bin/../lib/gcc/arm-none-eabi/12.3.1/thumb/v6-m/nofp/crt0.o
_malloc_r                                         c:/program files (x86)/arm gnu toolchain arm-none-eabi/12.3 rel1/bin/../lib/gcc/arm-none-eabi/12.3.1/thumb/v6-m/nofp\libc_nano.a(libc_a-mallocr.o)
                                                  c:/program files (x86)/arm gnu toolchain arm-none-eabi/12.3 rel1/bin/../lib/gcc/arm-none-eabi/12.3.1/thumb/v6-m/nofp\libc_nano.a(libc_a-findfp.o)
_read                                             c:/program files (x86)/arm gnu toolchain arm-none-eabi/12.3 rel1/bin/../lib/gcc/arm-none-eabi/12.3.1/thumb/v6-m/nofp\libnosys.a(read.o)
                                                  c:/program files (x86)/arm gnu toolchain arm-none-eabi/12.3 rel1/bin/../lib/gcc/arm-none-eabi/12.3.1/thumb/v6-m/nofp\libc_nano.a(libc_a-readr.o)
_read_r                                           c:/program files (x86)/arm gnu toolchain arm-none-eabi/12.3 rel1/bin/../lib/gcc/arm-none-eabi/12.3.1/thumb/v6-m/nofp\libc_nano.a(libc_a-readr.o)
                                                  c:/program files (x86)/arm gnu toolchain arm-none-eabi/12.3 rel1/bin/../lib/gcc/arm-none-eabi/12.3.1/thumb/v6-m/nofp\libc_nano.a(libc_a-stdio.o)
_reclaim_reent                                    c:/program files (x86)/arm gnu toolchain arm-none-eabi/12.3 rel1/bin/../lib/gcc/arm-none-eabi/12.3.1/thumb/v6-m/nofp\libc_nano.a(libc_a-reent.o)
_sbrk                                             c:/program files (x86)/arm gnu toolchain arm-none-eabi/12.3 rel1/bin/../lib/gcc/arm-none-eabi/12.3.1/thumb/v6-m/nofp\libnosys.a(sbrk.o)
                                                  c:/program files (x86)/arm gnu toolchain arm-none-eabi/12.3 rel1/bin/../lib/gcc/arm-none-eabi/12.3.1/thumb/v6-m/nofp\libc_nano.a(libc_a-sbrkr.o)
_sbrk_r                                           c:/program files (x86)/arm gnu toolchain arm-none-eabi/12.3 rel1/bin/../lib/gcc/arm-none-eabi/12.3.1/thumb/v6-m/nofp\libc_nano.a(libc_a-sbrkr.o)
                                                  c:/program files (x86)/arm gnu toolchain arm-none-eabi/12.3 rel1/bin/../lib/gcc/arm-none-eabi/12.3.1/thumb/v6-m/nofp\libc_nano.a(libc_a-mallocr.o)
_sbss                                             build/startup_stm32f030x6.o
_sdata                                            build/startup_stm32f030x6.o
_sidata                                           build/startup_stm32f030x6.o
_stack_init                                       c:/program files (x86)/arm gnu toolchain arm-none-eabi/12.3 rel1/bin/../lib/gcc/arm-none-eabi/12.3.1/thumb/v6-m/nofp/crt0.o
_start                                            c:/program files (x86)/arm gnu toolchain arm-none-eabi/12.3 rel1/bin/../lib/gcc/arm-none-eabi/12.3.1/thumb/v6-m/nofp/crt0.o
_write                                            c:/program files (x86)/arm gnu toolchain arm-none-eabi/12.3 rel1/bin/../lib/gcc/arm-none-eabi/12.3.1/thumb/v6-m/nofp\libnosys.a(write.o)
                                                  c:/program files (x86)/arm gnu toolchain arm-none-eabi/12.3 rel1/bin/../lib/gcc/arm-none-eabi/12.3.1/thumb/v6-m/nofp\libc_nano.a(libc_a-writer.o)
_write_r                                          c:/program files (x86)/arm gnu toolchain arm-none-eabi/12.3 rel1/bin/../lib/gcc/arm-none-eabi/12.3.1/thumb/v6-m/nofp\libc_nano.a(libc_a-writer.o)
                                                  c:/program files (x86)/arm gnu toolchain arm-none-eabi/12.3 rel1/bin/../lib/gcc/arm-none-eabi/12.3.1/thumb/v6-m/nofp\libc_nano.a(libc_a-stdio.o)
atexit                                            c:/program files (x86)/arm gnu toolchain arm-none-eabi/12.3 rel1/bin/../lib/gcc/arm-none-eabi/12.3.1/thumb/v6-m/nofp/crt0.o
end                                               c:/program files (x86)/arm gnu toolchain arm-none-eabi/12.3 rel1/bin/../lib/gcc/arm-none-eabi/12.3.1/thumb/v6-m/nofp\libnosys.a(sbrk.o)
errno                                             c:/program files (x86)/arm gnu toolchain arm-none-eabi/12.3 rel1/bin/../lib/gcc/arm-none-eabi/12.3.1/thumb/v6-m/nofp\libc_nano.a(libc_a-reent.o)
                                                  c:/program files (x86)/arm gnu toolchain arm-none-eabi/12.3 rel1/bin/../lib/gcc/arm-none-eabi/12.3.1/thumb/v6-m/nofp\libnosys.a(write.o)
                                                  c:/program files (x86)/arm gnu toolchain arm-none-eabi/12.3 rel1/bin/../lib/gcc/arm-none-eabi/12.3.1/thumb/v6-m/nofp\libnosys.a(read.o)
                                                  c:/program files (x86)/arm gnu toolchain arm-none-eabi/12.3 rel1/bin/../lib/gcc/arm-none-eabi/12.3.1/thumb/v6-m/nofp\libnosys.a(lseek.o)
                                                  c:/program files (x86)/arm gnu toolchain arm-none-eabi/12.3 rel1/bin/../lib/gcc/arm-none-eabi/12.3.1/thumb/v6-m/nofp\libnosys.a(close.o)
                                                  c:/program files (x86)/arm gnu toolchain arm-none-eabi/12.3 rel1/bin/../lib/gcc/arm-none-eabi/12.3.1/thumb/v6-m/nofp\libc_nano.a(libc_a-sbrkr.o)
                                                  c:/program files (x86)/arm gnu toolchain arm-none-eabi/12.3 rel1/bin/../lib/gcc/arm-none-eabi/12.3.1/thumb/v6-m/nofp\libc_nano.a(libc_a-writer.o)
                                                  c:/program files (x86)/arm gnu toolchain arm-none-eabi/12.3 rel1/bin/../lib/gcc/arm-none-eabi/12.3.1/thumb/v6-m/nofp\libc_nano.a(libc_a-readr.o)
                                                  c:/program files (x86)/arm gnu toolchain arm-none-eabi/12.3 rel1/bin/../lib/gcc/arm-none-eabi/12.3.1/thumb/v6-m/nofp\libc_nano.a(libc_a-lseekr.o)
                                                  c:/program files (x86)/arm gnu toolchain arm-none-eabi/12.3 rel1/bin/../lib/gcc/arm-none-eabi/12.3.1/thumb/v6-m/nofp\libc_nano.a(libc_a-closer.o)
exit                                              c:/program files (x86)/arm gnu toolchain arm-none-eabi/12.3 rel1/bin/../lib/gcc/arm-none-eabi/12.3.1/thumb/v6-m/nofp\libc_nano.a(libc_a-exit.o)
                                                  c:/program files (x86)/arm gnu toolchain arm-none-eabi/12.3 rel1/bin/../lib/gcc/arm-none-eabi/12.3.1/thumb/v6-m/nofp/crt0.o
fflush                                            c:/program files (x86)/arm gnu toolchain arm-none-eabi/12.3 rel1/bin/../lib/gcc/arm-none-eabi/12.3.1/thumb/v6-m/nofp\libc_nano.a(libc_a-fflush.o)
g_pfnVectors                                      build/startup_stm32f030x6.o
hardware_init_hook                                c:/program files (x86)/arm gnu toolchain arm-none-eabi/12.3 rel1/bin/../lib/gcc/arm-none-eabi/12.3.1/thumb/v6-m/nofp/crt0.o
main                                              build/main.o
                                                  build/startup_stm32f030x6.o
                                                  c:/program files (x86)/arm gnu toolchain arm-none-eabi/12.3 rel1/bin/../lib/gcc/arm-none-eabi/12.3.1/thumb/v6-m/nofp/crt0.o
memset                                            c:/program files (x86)/arm gnu toolchain arm-none-eabi/12.3 rel1/bin/../lib/gcc/arm-none-eabi/12.3.1/thumb/v6-m/nofp\libc_nano.a(libc_a-memset.o)
                                                  c:/program files (x86)/arm gnu toolchain arm-none-eabi/12.3 rel1/bin/../lib/gcc/arm-none-eabi/12.3.1/thumb/v6-m/nofp\libc_nano.a(libc_a-findfp.o)
                                                  build/main.o
                                                  c:/program files (x86)/arm gnu toolchain arm-none-eabi/12.3 rel1/bin/../lib/gcc/arm-none-eabi/12.3.1/thumb/v6-m/nofp/crt0.o
pFlash                                            build/stm32f0xx_hal_flash.o
                                                  build/stm32f0xx_hal_flash_ex.o
software_init_hook                                c:/program files (x86)/arm gnu toolchain arm-none-eabi/12.3 rel1/bin/../lib/gcc/arm-none-eabi/12.3.1/thumb/v6-m/nofp/crt0.o
uwTick                                            build/stm32f0xx_hal.o
uwTickFreq                                        build/stm32f0xx_hal.o
uwTickPrio                                        build/stm32f0xx_hal.o
                                                  build/stm32f0xx_hal_rcc.o
